<html id="fluid-id-4vf2xl07-396" lang="en">
    <head>
        <meta http-equiv="Content-Type" content="text/html; charset=utf-8">
        <title>Renderer Component Rendering Test</title>

        <link rel="stylesheet" media="screen" href="/infusionStatic/tests/lib/qunit/css/qunit.css">

        <script src="/infusionStatic/src/lib/jquery/core/js/jquery.js"></script>
        <script src="/infusionStatic/src/framework/core/js/Fluid.js"></script>
        <script src="/infusionStatic/src/framework/core/js/FluidPromises.js"></script>
        <script src="/infusionStatic/src/framework/core/js/FluidDocument.js"></script>
        <script src="/infusionStatic/src/framework/core/js/FluidIoC.js"></script>
        <script src="/infusionStatic/src/framework/core/js/DataSource.js"></script>
        <script src="/infusionStatic/src/framework/core/js/ResourceLoader.js"></script>
        <script src="/infusionStatic/src/framework/core/js/ResourceLoader-browser.js"></script>
        <script src="/infusionStatic/src/framework/core/js/ModelTransformation.js"></script>
        <script src="/infusionStatic/src/framework/core/js/ModelTransformationTransforms.js"></script>
        <script src="/infusionStatic/src/framework/core/js/DataBinding.js"></script>
        <script src="/infusionStatic/src/framework/core/js/FluidView.js"></script>
        <script src="/infusionStatic/src/framework/core/js/NewViewSupport.js"></script>
        <script src="/infusionStatic/src/framework/core/js/FluidView-browser.js"></script>

        <script src="/rendererTestModuleStatic/js/RendererTestComponent.js"></script>

        <script src="/newRendererDemoStatic/src/js/core/jquery.standalone.renderer.js"></script>
        <script src="/newRendererDemoStatic/src/js/core/fluidNewRenderer.js"></script>
        <script src="/newRendererDemoStatic/src/js/core/fluidNewRendererComponents.js"></script>
        <script src="/newRendererDemoStatic/src/js/core/htmlParser.js"></script>
        <script src="/newRendererDemoStatic/src/js/core/ResourceRewriter.js"></script>

    </head>
    <body>
    <script>
fluid.resourceLoader.staticMountTable = [
  {
    "moduleName": "renderer-test-module",
    "suffix": "",
    "prefix": "/rendererTestModuleStatic"
  },
  {
    "moduleName": "new-renderer-demo",
    "suffix": "",
    "prefix": "/newRendererDemoStatic"
  },
  {
    "moduleName": "infusion",
    "suffix": "",
    "prefix": "/infusionStatic"
  }
];
</script>
        <h1>Renderer Component Rendering Test</h1>
        <div class="test-component-include renderer-test-container">
    <input class="renderer-test-field" type="text" value="4">
</div>
<script>
fluid.renderer.initBlockClientRenderer({
  lightMerge: [
  {
    "type": "fluid.tests.renderer.renderingPage"
  }
],
  models: [
  {
    "path": [
      "testComponentInclude"
    ],
    "model": {
      "value": 4
    }
  },
  {
    "path": [
      "testComponentInclude",
      "rendererTestField"
    ],
    "model": {
      "value": 4
    }
  }
]
});
</script>
    </body>
</html>
